// Jest Snapshot v1, https://goo.gl/fbAQLP

exports[`documentToReactTree does not render unrecognized marks 1`] = `
Array [
  <p>
    Hello world!
</p>,
]
`;

exports[`documentToReactTree renders asset hyperlink 1`] = `
Array [
  <p>
    
    <span>
        type: 
        asset-hyperlink
         id: 
        9mpxT4zsRi6Iwukey8KeM
    </span>
    
</p>,
]
`;

exports[`documentToReactTree renders blockquotes 1`] = `
Array [
  <p>
    hello
</p>,
  <blockquote>
    world
</blockquote>,
]
`;

exports[`documentToReactTree renders default entry link block 1`] = `
Array [
  <div>
    
</div>,
]
`;

exports[`documentToReactTree renders embedded entry 1`] = `
Array [
  <p>
    
    <span>
        type: 
        embedded-entry-inline
         id: 
        9mpxT4zsRi6Iwukey8KeM
    </span>
    
</p>,
]
`;

exports[`documentToReactTree renders empty node if type is not recognized 1`] = `
Array [
  null,
]
`;

exports[`documentToReactTree renders entry hyperlink 1`] = `
Array [
  <p>
    
    <span>
        type: 
        entry-hyperlink
         id: 
        9mpxT4zsRi6Iwukey8KeM
    </span>
    
</p>,
]
`;

exports[`documentToReactTree renders horizontal rule 1`] = `
Array [
  <p>
    hello world
</p>,
  <hr />,
  <p>
    
</p>,
]
`;

exports[`documentToReactTree renders hyperlink 1`] = `
Array [
  <p>
    Some text 
    <a
        href="https://url.org"
    >
        link
    </a>
     text.
</p>,
]
`;

exports[`documentToReactTree renders marks with default mark renderer 1`] = `
Array [
  <p>
    <i>
        hello world
    </i>
</p>,
]
`;

exports[`documentToReactTree renders marks with default mark renderer 2`] = `
Array [
  <p>
    <b>
        hello world
    </b>
</p>,
]
`;

exports[`documentToReactTree renders marks with default mark renderer 3`] = `
Array [
  <p>
    <u>
        hello world
    </u>
</p>,
]
`;

exports[`documentToReactTree renders marks with default mark renderer 4`] = `
Array [
  <p>
    <code>
        hello world
    </code>
</p>,
]
`;

exports[`documentToReactTree renders marks with the passed custom mark rendered 1`] = `
Array [
  <p>
    <u>
        hello world
    </u>
</p>,
]
`;

exports[`documentToReactTree renders nodes with default node renderer 1`] = `
Array [
  <p>
    hello world
</p>,
]
`;

exports[`documentToReactTree renders nodes with default node renderer 2`] = `
Array [
  <h1>
    hello world
</h1>,
]
`;

exports[`documentToReactTree renders nodes with default node renderer 3`] = `
Array [
  <h2>
    hello world
</h2>,
]
`;

exports[`documentToReactTree renders nodes with passed custom node renderer 1`] = `
Array [
  <p>
    hello world
</p>,
]
`;

exports[`documentToReactTree renders ordered lists 1`] = `
Array [
  <ol>
    <li>
        <p>
            Hello
        </p>
    </li>
    <li>
        <p>
            world
        </p>
    </li>
</ol>,
  <p>
    
</p>,
]
`;

exports[`documentToReactTree renders unordered lists 1`] = `
Array [
  <ul>
    <li>
        <p>
            Hello
        </p>
    </li>
    <li>
        <p>
            world
        </p>
    </li>
</ul>,
  <p>
    
</p>,
]
`;
